
Spectre (R) Circuit Simulator
Version 20.1.0.068 64bit -- 23 Sep 2020
Copyright (C) 1989-2020 Cadence Design Systems, Inc. All rights reserved worldwide. Cadence and Spectre are registered trademarks of Cadence Design Systems, Inc. All others are the property of their respective holders.

Includes RSA BSAFE(R) Cryptographic or Security Protocol Software from RSA Security, Inc.

User: schweikardt   Host: ed-srv-plasma   HostID: 67860A45   PID: 552716
Memory  available: 93.3601 GB  physical: 270.0959 GB
Linux   : Fedora release 34 (Thirty Four)
CPU Type: AMD Ryzen Threadripper 3990X 64-Core Processor
        Socket: Processors [Frequency] (Hyperthreaded Processor)
        0:       0 [3853.3] (),  1 [2200.0] (),  2 [3823.8] (),  3 [2200.0] (),  4 [3867.4] ()
                 5 [2200.0] (),  6 [3867.7] (),  7 [2200.0] (),  8 [3866.1] (),  9 [3866.0] ()
                10 [2200.0] (), 11 [2200.0] (), 12 [3867.8] (), 13 [2200.0] (), 14 [3867.8] ()
                15 [3867.6] (), 16 [3866.4] (), 17 [2200.0] (), 18 [2200.0] (), 19 [2200.0] ()
                20 [3867.8] (), 21 [2200.0] (), 22 [2200.0] (), 23 [2200.0] (), 24 [2900.0] ()
                25 [3869.3] (), 26 [2900.0] (), 27 [3869.5] (), 28 [3869.2] (), 29 [3869.4] ()
                30 [3869.4] (), 31 [2200.0] (), 32 [3869.3] (), 33 [3869.4] (), 34 [2200.0] ()
                35 [2200.0] (), 36 [2200.0] (), 37 [2200.0] (), 38 [2900.0] (), 39 [2200.0] ()
                40 [2200.0] (), 41 [3869.6] (), 42 [3869.5] (), 43 [3869.6] (), 44 [3866.5] ()
                45 [2200.0] (), 46 [3866.4] (), 47 [2200.0] (), 48 [2800.0] (), 49 [2200.0] ()
                50 [2200.0] (), 51 [3865.0] (), 52 [2200.0] (), 53 [3869.4] (), 54 [2200.0] ()
                55 [2200.0] (), 56 [3869.7] (), 57 [2900.0] (), 58 [2900.0] (), 59 [3869.7] ()
                60 [3869.5] (), 61 [2200.0] (), 62 [2200.0] (), 63 [2200.0] (), 64 [3868.0] ()
                65 [3867.9] (), 66 [2200.0] (), 67 [3868.0] (), 68 [2200.0] (), 69 [2200.0] ()
                70 [2200.0] (), 71 [3868.2] (), 72 [2200.0] (), 73 [2900.0] (), 74 [3865.2] ()
                75 [2200.0] (), 76 [2200.0] (), 77 [2200.0] (), 78 [2200.0] (), 79 [2200.0] ()
                80 [2200.0] (), 81 [2200.0] (), 82 [3866.8] (), 83 [3866.8] (), 84 [2200.0] ()
                85 [3868.4] (), 86 [2200.0] (), 87 [3868.1] (), 88 [2900.0] (), 89 [3776.2] ()
                90 [2900.0] (), 91 [2200.0] (), 92 [2200.0] (), 93 [2200.0] (), 94 [2200.0] ()
                95 [2200.0] (), 96 [2200.0] (), 97 [2200.0] (), 98 [2200.0] (), 99 [3868.4] ()
                100 [2200.0] (), 101 [3867.1] (), 102 [2900.0] (), 103 [3867.1] (), 104 [2200.0] ()
                105 [2200.0] (), 106 [2200.0] (), 107 [2200.0] (), 108 [2200.0] (), 109 [2200.0] ()
                110 [2200.0] (), 111 [2900.0] (), 112 [2200.0] (), 113 [2900.0] (), 114 [3865.6] ()
                115 [2200.0] (), 116 [2200.0] (), 117 [2200.0] (), 118 [2200.0] (), 119 [3870.0] ()
                120 [2200.0] (), 121 [2200.0] (), 122 [2900.0] (), 123 [2200.0] (), 124 [2200.0] ()
                125 [3869.9] (), 126 [2200.0] (), 127 [3870.0] ()
        
System load averages (1min, 5min, 15min) : 33.8 %, 33.7 %, 33.7 %
Hyperthreading is enabled


Simulating `test.scs' on ed-srv-plasma at 8:21:30 PM, Wed Oct 20, 2021 (process id: 552716).
Current working directory: /home/schweikardt/github/sky130-models-spectre
Command line:
    /opt/cadence/SPECTRE201/068/tools/bin/spectre -64 test.scs

Loading /opt/cadence/SPECTRE201/068/tools.lnx86/cmi/lib/64bit/5.0/libinfineon_sh.so ...
Loading /opt/cadence/SPECTRE201/068/tools.lnx86/cmi/lib/64bit/5.0/libphilips_o_sh.so ...
Loading /opt/cadence/SPECTRE201/068/tools.lnx86/cmi/lib/64bit/5.0/libphilips_sh.so ...
Loading /opt/cadence/SPECTRE201/068/tools.lnx86/cmi/lib/64bit/5.0/libsparam_sh.so ...
Loading /opt/cadence/SPECTRE201/068/tools.lnx86/cmi/lib/64bit/5.0/libstmodels_sh.so ...
Reading file:  /home/schweikardt/github/sky130-models-spectre/test.scs
Reading link:  /opt/cadence
Reading file:  /mnt/tools/cadence/SPECTRE201/068/tools.lnx86/spectre/etc/configs/spectre.cfg
Reading file:  /home/schweikardt/github/sky130-models-spectre/models/sky130.lib.scs
Reading file:  /home/schweikardt/github/sky130-models-spectre/cells/nfet_01v8/sky130_fd_pr__nfet_01v8__tt.corner.scs
Reading file:  /home/schweikardt/github/sky130-models-spectre/cells/nfet_01v8/sky130_fd_pr__nfet_01v8__tt.pm3.scs
Reading file:  /home/schweikardt/github/sky130-models-spectre/cells/nfet_01v8/sky130_fd_pr__nfet_01v8__mismatch.corner.scs
Time for NDB Parsing: CPU = 122.302 ms, elapsed = 194.085 ms.
Time accumulated: CPU = 158.944 ms, elapsed = 194.089 ms.
Peak resident memory used = 101 Mbytes.

Time for Elaboration: CPU = 15.328 ms, elapsed = 15.3921 ms.
Time accumulated: CPU = 174.366 ms, elapsed = 209.574 ms.
Peak resident memory used = 108 Mbytes.


Time for EDB Visiting: CPU = 322 us, elapsed = 323.057 us.
Time accumulated: CPU = 174.825 ms, elapsed = 210.032 ms.
Peak resident memory used = 109 Mbytes.


Notice from spectre during topology check.
    Only one connection to node `0'.


Global user options:
               save = selected
             rawfmt = nutbin

Scoped user options:

Circuit inventory:
              nodes 4
              bsim4 1     
            vsource 4     

Analysis and control statement inventory:
                 dc 1     

Output statements:
             .probe 0     
           .measure 0     
               save 1     

Time for parsing: CPU = 987 us, elapsed = 990.868 us.
Time accumulated: CPU = 175.88 ms, elapsed = 211.095 ms.
Peak resident memory used = 112 Mbytes.

~~~~~~~~~~~~~~~~~~~~~~
Pre-Simulation Summary
~~~~~~~~~~~~~~~~~~~~~~
~~~~~~~~~~~~~~~~~~~~~~

*********************************
DC Analysis `dc': Vg = (0 -> 1.8)
*********************************
Important parameter values:
    reltol = 1e-03
    abstol(V) = 1 uV
    abstol(I) = 1 pA
    temp = 27 C
    tnom = 27 C
    tempeffects = all
    gmindc = 1 pS
.............9.............8.............7.............6.............5.............4.............3.............2.............1.............0

Maximum value achieved for any signal of each quantity: 
V: V(G) = 1.8 V
I: I(VD:p) = 0 A
DC simulation time: CPU = 2.042 ms, elapsed = 2.04992 ms.

Notice from spectre at Vg = 1.8 during DC analysis `dc'.
    The value of parameter 'Vg' has been reset to the original value 0.

Total time required for dc analysis `dc': CPU = 2.087 ms, elapsed = 2.09522 ms.
Time accumulated: CPU = 182.283 ms, elapsed = 217.55 ms.
Peak resident memory used = 112 Mbytes.


Aggregate audit (8:21:30 PM, Wed Oct 20, 2021):
Time used: CPU = 187 ms, elapsed = 222 ms, util. = 84.1%.
Time spent in licensing: elapsed = 13.4 ms, percentage of total = 6.04%.
Peak memory used = 115 Mbytes.
Simulation started at: 8:21:30 PM, Wed Oct 20, 2021, ended at: 8:21:30 PM, Wed Oct 20, 2021, with elapsed time (wall clock): 222 ms.
spectre completes with 0 errors, 0 warnings, and 3 notices.
